// Jest Snapshot v1, https://goo.gl/fbAQLP

exports[`Cart checkout() should return an object with the total and the list of items 2`] = `
{
  "items": [],
  "total": 0,
}
`;

exports[`Cart checkout() should return an object with the total and the list of items 4`] = `
{
  "items": [],
  "total": 0,
}
`;

exports[`Cart checkout() should return an object with the total and the list of items when sumary() is called 1`] = `
{
  "items": [
    {
      "product": {
        "price": 35388,
        "title": "Adidas running shoes - men",
      },
      "quantity": 2,
    },
    {
      "product": {
        "price": 41872,
        "title": "Adidas running shoes - women",
      },
      "quantity": 3,
    },
  ],
  "total": 196392,
}
`;

exports[`Cart checkout() should return an object with the total and the list of items when sumary() is called 2`] = `
{
  "items": [],
  "total": 0,
}
`;

exports[`Cart sumary() should return an object with the total and the list of items 2`] = `
{
  "items": [],
  "total": 0,
}
`;
